Component: ARM Compiler 5.06 update 6 (build 750) Tool: armlink [4d35ed]

==============================================================================

Section Cross References

    pseudo.o(pseudo) refers to pseudo.o(dataArray) for K


==============================================================================

Image Symbol Table

    Local Symbols

    Symbol Name                              Value     Ov Type        Size  Object(Section)

    pseudo                                   0x00000000   Section       60  pseudo.o(pseudo)
    pseudo.s                                 0x00000000   Number         0  pseudo.o ABSOLUTE
    dataArray                                0x0000003c   Section       17  pseudo.o(dataArray)
    K                                        0x0000003c   Data           0  pseudo.o(dataArray)
    Arr1                                     0x0000003d   Data           0  pseudo.o(dataArray)
    Arr2                                     0x0000004c   Data           0  pseudo.o(dataArray)

    Global Symbols

    Symbol Name                              Value     Ov Type        Size  Object(Section)

    BuildAttributes$$THM_ISAv2$ARM_ISAv5$E$P$S$PE$A:L22$X:L11$S22$IEEE1$IW$USESV6$~STKCKD$USESV7$~SHL$OSPACE$EBA8$STANDARDLIB$PRES8$EABIv2 0x00000000   Number         0  anon$$obj.o ABSOLUTE



==============================================================================

Memory Map of the image

  Image Entry point : 0x00000000

  Load Region LR_1 (Base: 0x00000000, Size: 0x00000050, Max: 0xffffffff, ABSOLUTE)

    Execution Region ER_RO (Exec base: 0x00000000, Load base: 0x00000000, Size: 0x0000003c, Max: 0xffffffff, ABSOLUTE)

    Exec Addr    Load Addr    Size         Type   Attr      Idx    E Section Name        Object

    0x00000000   0x00000000   0x0000003c   Code   RO            1  * pseudo              pseudo.o


    Execution Region ER_RW (Exec base: 0x0000003c, Load base: 0x0000003c, Size: 0x00000014, Max: 0xffffffff, ABSOLUTE)

    Exec Addr    Load Addr    Size         Type   Attr      Idx    E Section Name        Object

    0x0000003c   0x0000003c   0x00000011   Data   RW            2    dataArray           pseudo.o


    Execution Region ER_ZI (Exec base: 0x00000050, Load base: 0x00000050, Size: 0x00000000, Max: 0xffffffff, ABSOLUTE)

    **** No section assigned to this execution region ****


==============================================================================

Image component sizes


      Code (inc. data)   RO Data    RW Data    ZI Data      Debug   Object Name

        60          8          0         17          0        252   pseudo.o

    ----------------------------------------------------------------------
        60          8          0         20          0        252   Object Totals
         0          0          0          0          0          0   (incl. Generated)
         0          0          0          3          0          0   (incl. Padding)

    ----------------------------------------------------------------------
         0          0          0          0          0          0   Library Totals
         0          0          0          0          0          0   (incl. Padding)

    ----------------------------------------------------------------------

==============================================================================


      Code (inc. data)   RO Data    RW Data    ZI Data      Debug   

        60          8          0         20          0        252   Grand Totals
        60          8          0         20          0        252   ELF Image Totals
        60          8          0         20          0          0   ROM Totals

==============================================================================

    Total RO  Size (Code + RO Data)                   60 (   0.06kB)
    Total RW  Size (RW Data + ZI Data)                20 (   0.02kB)
    Total ROM Size (Code + RO Data + RW Data)         80 (   0.08kB)

==============================================================================

